../Core/Src/main.c:66:5:_write	24	static
../Core/Src/main.c:88:1:prv_spi_init	8	static
../Core/Src/main.c:100:1:prv_spi_select	8	static
../Core/Src/main.c:110:1:prv_spi_deselect	8	static
../Core/Src/main.c:122:1:prv_spi_transmit	24	static
../Core/Src/main.c:136:1:prv_spi_receive	24	static
../Core/Src/main.c:151:1:prv_spi_transmit_receive	40	static
../Core/Src/main.c:163:1:prv_delay_ms	16	static
../Core/Src/main.c:183:1:print_chip_info	24	static
../Core/Src/main.c:233:1:w25q_demo_test	584	static
../Core/Src/main.c:425:5:main	8	static
../Core/Src/main.c:472:6:SystemClock_Config	88	static
../Core/Src/main.c:525:6:HAL_TIM_PeriodElapsedCallback	16	static
../Core/Src/main.c:543:6:Error_Handler	4	static,ignoring_inline_asm
